[themewagon.github.io/fruitables/index.html]
[backblue.gif]
[fade.gif]
[index.html]
[use.fontawesome.com/releases/v5.15.4/css/all.css]
[cdn.jsdelivr.net/npm/bootstrap-icons@1.4.1/font/bootstrap-icons.css]
[themewagon.github.io/fruitables/lib/lightbox/css/lightbox.min.css]
[themewagon.github.io/fruitables/lib/owlcarousel/assets/owl.carousel.min.css]
[themewagon.github.io/fruitables/css/bootstrap.min.css]
[themewagon.github.io/fruitables/css/style.css]
[themewagon.github.io/fruitables/index-2.html]
[themewagon.github.io/fruitables/shop.html]
[themewagon.github.io/fruitables/shop-detail.html]
[themewagon.github.io/fruitables/cart.html]
[themewagon.github.io/fruitables/chackout.html]
[themewagon.github.io/fruitables/testimonial.html]
[themewagon.github.io/fruitables/404.html]
[themewagon.github.io/fruitables/contact.html]
[themewagon.github.io/fruitables/img/hero-img-1.png]
[themewagon.github.io/fruitables/img/hero-img-2.jpg]
[themewagon.github.io/fruitables/img/fruite-item-5.jpg]
[themewagon.github.io/fruitables/img/fruite-item-2.jpg]
[themewagon.github.io/fruitables/img/fruite-item-4.jpg]
[themewagon.github.io/fruitables/img/fruite-item-3.jpg]
[themewagon.github.io/fruitables/img/fruite-item-1.jpg]
[themewagon.github.io/fruitables/img/fruite-item-6.jpg]
[themewagon.github.io/fruitables/img/featur-1.jpg]
[themewagon.github.io/fruitables/img/featur-2.jpg]
[themewagon.github.io/fruitables/img/featur-3.jpg]
[themewagon.github.io/fruitables/img/vegetable-item-6.jpg]
[themewagon.github.io/fruitables/img/vegetable-item-1.jpg]
[themewagon.github.io/fruitables/img/vegetable-item-3.png]
[themewagon.github.io/fruitables/img/vegetable-item-4.jpg]
[themewagon.github.io/fruitables/img/vegetable-item-5.jpg]
[themewagon.github.io/fruitables/img/baner-1.png]
[themewagon.github.io/fruitables/img/best-product-1.jpg]
[themewagon.github.io/fruitables/img/best-product-2.jpg]
[themewagon.github.io/fruitables/img/best-product-3.jpg]
[themewagon.github.io/fruitables/img/best-product-4.jpg]
[themewagon.github.io/fruitables/img/best-product-5.jpg]
[themewagon.github.io/fruitables/img/best-product-6.jpg]
[themewagon.github.io/fruitables/img/testimonial-1.jpg]
[themewagon.github.io/fruitables/img/payment.png]
[ajax.googleapis.com/ajax/libs/jquery/3.6.4/jquery.min.js]
[cdn.jsdelivr.net/npm/bootstrap@5.0.0/dist/js/bootstrap.bundle.min.js]
[themewagon.github.io/fruitables/lib/easing/easing.min.js]
[themewagon.github.io/fruitables/lib/waypoints/waypoints.min.js]
[themewagon.github.io/fruitables/lib/lightbox/js/lightbox.min.js]
[themewagon.github.io/fruitables/lib/owlcarousel/owl.carousel.min.js]
[themewagon.github.io/fruitables/js/main.js]
[themewagon.github.io/fruitables/index.html]
[use.fontawesome.com/releases/v5.15.4/css/all.css]
[cdn.jsdelivr.net/npm/bootstrap-icons@1.4.1/font/fonts/bootstrap-iconsfb95.woff2]
[cdn.jsdelivr.net/npm/bootstrap-icons@1.4.1/font/fonts/bootstrap-iconsfb95.woff]
[cdn.jsdelivr.net/npm/bootstrap-icons@1.4.1/font/bootstrap-icons.css]
[themewagon.github.io/fruitables/lib/lightbox/images/loading.gif]
[themewagon.github.io/fruitables/lib/lightbox/css/lightbox.min.css]
[themewagon.github.io/fruitables/lib/owlcarousel/assets/owl.video.play.png]
[themewagon.github.io/fruitables/lib/owlcarousel/assets/owl.carousel.min.css]
[themewagon.github.io/fruitables/css/bootstrap.min.css]
[themewagon.github.io/fruitables/img/hero-img.jpg]
[themewagon.github.io/fruitables/img/cart-page-header-img.jpg]
[themewagon.github.io/fruitables/css/style.css]
[themewagon.github.io/fruitables/index-2.html]
[themewagon.github.io/fruitables/img/banner-fruits.jpg]
[themewagon.github.io/fruitables/shop.html]
[themewagon.github.io/fruitables/img/single-item.jpg]
[themewagon.github.io/fruitables/img/avatar.jpg]
[themewagon.github.io/fruitables/shop-detail.html]
[themewagon.github.io/fruitables/img/vegetable-item-2.jpg]
[themewagon.github.io/fruitables/cart.html]
[themewagon.github.io/fruitables/chackout.html]
[themewagon.github.io/fruitables/testimonial.html]
[themewagon.github.io/fruitables/404.html]
[themewagon.github.io/fruitables/contact.html]
